src/services/SensorService.ts(6,68): error TS2339: Property 'esp32Address' does not exist on type '{ readonly useRealHardware: true; readonly hardwareBridgeUrl: "http://172.16.23.32:3000" | null; readonly clientType: "HttpPHClient" | "MockPHClient"; }'.
src/services/WeatherTrendService.ts(91,34): error TS2339: Property 'cityName' does not exist on type '{ temp: number; humidity: number; rain: boolean; }'.
src/store/useRecommendationStore.ts(7,10): error TS2305: Module '"./useWeatherStore"' has no exported member 'useWeatherStore'.
src/store/useSoilStore.ts(32,15): error TS2740: Type '{}' is missing the following properties from type 'ZoneSoilData[]': length, pop, push, concat, and 35 more.
src/utils/i18n.ts(24,25): error TS7053: Element implicitly has an 'any' type because expression of type '"loading" | "normal" | "medium" | "current" | "language" | "location" | "settings" | "remove" | "cloudy" | "analytics" | "rainy" | "sunny" | "moisture" | "nitrogen" | "phosphorus" | ... 219 more ... | "staleDataWarning"' can't be used to index type '{ greeting: string; location: string; aiRecommendation: string; recommendedCrop: string; season: string; whyThisCrop: string; parameterComparison: string; current: string; confidence: string; ... 225 more ...; staleDataWarning: string; } | { ...; } | { ...; }'.
  Property 'city' does not exist on type '{ greeting: string; location: string; aiRecommendation: string; recommendedCrop: string; season: string; whyThisCrop: string; parameterComparison: string; current: string; confidence: string; ... 225 more ...; staleDataWarning: string; } | { ...; } | { ...; }'.
src/utils/i18n.ts(44,23): error TS7053: Element implicitly has an 'any' type because expression of type '"loading" | "normal" | "medium" | "current" | "language" | "location" | "settings" | "remove" | "cloudy" | "analytics" | "rainy" | "sunny" | "moisture" | "nitrogen" | "phosphorus" | ... 219 more ... | "staleDataWarning"' can't be used to index type '{ greeting: string; location: string; aiRecommendation: string; recommendedCrop: string; season: string; whyThisCrop: string; parameterComparison: string; current: string; confidence: string; ... 225 more ...; staleDataWarning: string; } | { ...; } | { ...; }'.
  Property 'city' does not exist on type '{ greeting: string; location: string; aiRecommendation: string; recommendedCrop: string; season: string; whyThisCrop: string; parameterComparison: string; current: string; confidence: string; ... 225 more ...; staleDataWarning: string; } | { ...; } | { ...; }'.
src/utils/translations.ts(368,5): error TS1117: An object literal cannot have multiple properties with the same name.
src/utils/translations.ts(449,5): error TS1117: An object literal cannot have multiple properties with the same name.
src/utils/translations.ts(496,5): error TS1117: An object literal cannot have multiple properties with the same name.
src/utils/translations.ts(564,5): error TS1117: An object literal cannot have multiple properties with the same name.
src/utils/translations.ts(711,5): error TS1117: An object literal cannot have multiple properties with the same name.
src/utils/translations.ts(758,5): error TS1117: An object literal cannot have multiple properties with the same name.
